main-DESKTOP-4R64IM9.c:131:5:main	120	static
main-DESKTOP-4R64IM9.c:216:6:SystemClock_Config	72	static
main-DESKTOP-4R64IM9.c:255:13:MX_I2C1_Init	8	static
main-DESKTOP-4R64IM9.c:289:13:MX_SPI2_Init	8	static
main-DESKTOP-4R64IM9.c:327:13:MX_TIM1_Init	32	static
main-DESKTOP-4R64IM9.c:373:13:MX_TIM2_Init	32	static
main-DESKTOP-4R64IM9.c:418:13:MX_TIM3_Init	64	static
main-DESKTOP-4R64IM9.c:489:13:MX_USART1_UART_Init	8	static
main-DESKTOP-4R64IM9.c:522:13:MX_GPIO_Init	40	static
main-DESKTOP-4R64IM9.c:554:6:HAL_TIM_PeriodElapsedCallback	48	static
main-DESKTOP-4R64IM9.c:658:6:Compare_String	32	static
main-DESKTOP-4R64IM9.c:672:6:ConvertString2Int	24	static
main-DESKTOP-4R64IM9.c:684:6:AngleCal	32	static
main-DESKTOP-4R64IM9.c:705:6:RollPIDCal	8	static
main-DESKTOP-4R64IM9.c:718:6:PitchPIDCal	8	static
main-DESKTOP-4R64IM9.c:731:6:YawPIDCal	8	static
main-DESKTOP-4R64IM9.c:744:6:MotorThrust	8	static
main-DESKTOP-4R64IM9.c:781:6:CompareThrust	16	static
main-DESKTOP-4R64IM9.c:788:6:ConvertPID	24	static
main-DESKTOP-4R64IM9.c:792:6:SetPID	24	static
main-DESKTOP-4R64IM9.c:813:6:Error_Handler	4	static,ignoring_inline_asm
