main.c:141:5:main	120	static
main.c:251:6:SystemClock_Config	88	static
main.c:297:13:MX_ADC1_Init	24	static
main.c:342:13:MX_I2C1_Init	8	static
main.c:376:13:MX_SPI2_Init	8	static
main.c:414:13:MX_TIM1_Init	32	static
main.c:460:13:MX_TIM2_Init	32	static
main.c:505:13:MX_TIM3_Init	64	static
main.c:576:13:MX_USART1_UART_Init	8	static
main.c:607:13:MX_DMA_Init	16	static
main.c:625:13:MX_GPIO_Init	40	static
main.c:664:6:HAL_TIM_PeriodElapsedCallback	72	static
main.c:815:6:Compare_String	32	static
main.c:829:6:ConvertString2Int	24	static
main.c:841:6:AngleCal	32	static
main.c:862:6:RollPIDCal	8	static
main.c:875:6:PitchPIDCal	8	static
main.c:888:6:YawPIDCal	8	static
main.c:901:6:MotorThrust	8	static
main.c:950:6:CompareThrust	16	static
main.c:957:6:ConvertPID	24	static
main.c:961:6:SetPID	24	static
main.c:976:6:Baterry_Calculate	32	static
main.c:988:6:Error_Handler	4	static,ignoring_inline_asm
