MY_NRF24L01.c:48:6:NRF24_DelayMicroSeconds	24	static
MY_NRF24L01.c:56:6:NRF24_csn	16	static
MY_NRF24L01.c:62:6:NRF24_ce	16	static
MY_NRF24L01.c:68:9:NRF24_read_register	24	static
MY_NRF24L01.c:85:6:NRF24_read_registerN	24	static
MY_NRF24L01.c:100:6:NRF24_write_register	24	static
MY_NRF24L01.c:113:6:NRF24_write_registerN	24	static
MY_NRF24L01.c:126:6:NRF24_write_payload	24	static
MY_NRF24L01.c:139:6:NRF24_read_payload	24	static
MY_NRF24L01.c:153:6:NRF24_flush_tx	8	static
MY_NRF24L01.c:158:6:NRF24_flush_rx	8	static
MY_NRF24L01.c:163:9:NRF24_get_status	16	static
MY_NRF24L01.c:171:6:NRF24_begin	24	static
MY_NRF24L01.c:244:6:NRF24_startListening	8	static
MY_NRF24L01.c:261:6:NRF24_stopListening	8	static
MY_NRF24L01.c:268:6:NRF24_write	24	static,ignoring_inline_asm
MY_NRF24L01.c:308:6:NRF24_available	8	static
MY_NRF24L01.c:313:6:NRF24_read	24	static
MY_NRF24L01.c:322:6:NRF24_openWritingPipe	24	static
MY_NRF24L01.c:331:6:NRF24_openReadingPipe	24	static
MY_NRF24L01.c:355:6:NRF24_setRetries	16	static
MY_NRF24L01.c:361:6:NRF24_setChannel	24	static
MY_NRF24L01.c:367:6:NRF24_setPayloadSize	24	static
MY_NRF24L01.c:373:9:NRF24_getPayloadSize	4	static
MY_NRF24L01.c:378:9:NRF24_getDynamicPayloadSize	8	static
MY_NRF24L01.c:383:6:NRF24_enableAckPayload	8	static
MY_NRF24L01.c:396:6:NRF24_enableDynamicPayloads	8	static
MY_NRF24L01.c:410:6:NRF24_disableDynamicPayloads	8	static
MY_NRF24L01.c:418:6:NRF24_isNRF_Plus	4	static
MY_NRF24L01.c:423:6:NRF24_setAutoAck	16	static
MY_NRF24L01.c:431:6:NRF24_setAutoAckPipe	24	static
MY_NRF24L01.c:448:6:NRF24_setPALevel	24	static
MY_NRF24L01.c:479:15:NRF24_getPALevel	16	static
MY_NRF24L01.c:505:6:NRF24_setDataRate	24	static
MY_NRF24L01.c:550:17:NRF24_getDataRate	16	static
MY_NRF24L01.c:575:6:NRF24_setCRCLength	24	static
MY_NRF24L01.c:596:18:NRF24_getCRCLength	16	static
MY_NRF24L01.c:612:6:NRF24_disableCRC	16	static
MY_NRF24L01.c:618:6:NRF24_powerUp	8	static
MY_NRF24L01.c:623:6:NRF24_powerDown	8	static
MY_NRF24L01.c:628:6:NRF24_availablePipe	24	static
MY_NRF24L01.c:652:6:NRF24_startWrite	16	static
MY_NRF24L01.c:669:6:NRF24_writeAckPayload	24	static
MY_NRF24L01.c:680:6:NRF24_isAckPayloadAvailable	16	static
MY_NRF24L01.c:687:6:NRF24_whatHappened	32	static
MY_NRF24L01.c:698:6:NRF24_testCarrier	8	static
MY_NRF24L01.c:703:6:NRF24_testRPD	8	static
MY_NRF24L01.c:709:6:NRF24_resetStatus	8	static
MY_NRF24L01.c:715:6:NRF24_ACTIVATE_cmd	16	static
MY_NRF24L01.c:726:9:NRF24_GetAckPayloadSize	4	static
MY_NRF24L01.c:731:6:printRadioSettings	152	static
MY_NRF24L01.c:858:6:printStatusReg	136	static
MY_NRF24L01.c:874:6:printConfigReg	112	static
MY_NRF24L01.c:892:6:nrf24_DebugUART_Init	12	static
MY_NRF24L01.c:897:6:printFIFOstatus	128	static
