main.c:117:5:main	112	static
main.c:195:6:SystemClock_Config	88	static
main.c:241:13:MX_ADC1_Init	24	static
main.c:310:13:MX_SPI2_Init	8	static
main.c:348:13:MX_TIM1_Init	32	static
main.c:394:13:MX_TIM2_Init	32	static
main.c:439:13:MX_TIM3_Init	32	static
main.c:484:13:MX_USART1_UART_Init	8	static
main.c:515:13:MX_DMA_Init	16	static
main.c:536:13:MX_GPIO_Init	40	static
main.c:579:6:HAL_TIM_PeriodElapsedCallback	72	static
main.c:714:6:Compare_String	32	static
main.c:728:6:ConvertPID	24	static
main.c:733:6:Varires_Calib	48	static
main.c:757:6:Calculate_PWM	32	static
main.c:773:6:Motor_State_Set	16	static
main.c:818:6:Error_Handler	4	static,ignoring_inline_asm
