MY_NRF24L01.c:48:6:NRF24_DelayMicroSeconds	24	static
MY_NRF24L01.c:56:6:NRF24_csn	16	static
MY_NRF24L01.c:62:6:NRF24_ce	16	static
MY_NRF24L01.c:68:9:NRF24_read_register	24	static
MY_NRF24L01.c:85:6:NRF24_read_registerN	24	static
MY_NRF24L01.c:100:6:NRF24_write_register	24	static
MY_NRF24L01.c:113:6:NRF24_write_registerN	24	static
MY_NRF24L01.c:126:6:NRF24_write_payload	24	static
MY_NRF24L01.c:139:6:NRF24_read_payload	24	static
MY_NRF24L01.c:153:6:NRF24_flush_tx	8	static
MY_NRF24L01.c:158:6:NRF24_flush_rx	8	static
MY_NRF24L01.c:163:9:NRF24_get_status	16	static
MY_NRF24L01.c:171:6:NRF24_begin	24	static
MY_NRF24L01.c:244:6:NRF24_startListening	8	static
MY_NRF24L01.c:261:6:NRF24_stopListening	8	static
MY_NRF24L01.c:268:6:NRF24_write	24	static,ignoring_inline_asm
MY_NRF24L01.c:309:6:NRF24_available	8	static
MY_NRF24L01.c:314:6:NRF24_read	24	static
MY_NRF24L01.c:323:6:NRF24_openWritingPipe	24	static
MY_NRF24L01.c:332:6:NRF24_openReadingPipe	24	static
MY_NRF24L01.c:356:6:NRF24_setRetries	16	static
MY_NRF24L01.c:362:6:NRF24_setChannel	24	static
MY_NRF24L01.c:368:6:NRF24_setPayloadSize	24	static
MY_NRF24L01.c:374:9:NRF24_getPayloadSize	4	static
MY_NRF24L01.c:379:9:NRF24_getDynamicPayloadSize	8	static
MY_NRF24L01.c:384:6:NRF24_enableAckPayload	8	static
MY_NRF24L01.c:397:6:NRF24_enableDynamicPayloads	8	static
MY_NRF24L01.c:411:6:NRF24_disableDynamicPayloads	8	static
MY_NRF24L01.c:419:6:NRF24_isNRF_Plus	4	static
MY_NRF24L01.c:424:6:NRF24_setAutoAck	16	static
MY_NRF24L01.c:432:6:NRF24_setAutoAckPipe	24	static
MY_NRF24L01.c:449:6:NRF24_setPALevel	24	static
MY_NRF24L01.c:480:15:NRF24_getPALevel	16	static
MY_NRF24L01.c:506:6:NRF24_setDataRate	24	static
MY_NRF24L01.c:551:17:NRF24_getDataRate	16	static
MY_NRF24L01.c:576:6:NRF24_setCRCLength	24	static
MY_NRF24L01.c:597:18:NRF24_getCRCLength	16	static
MY_NRF24L01.c:613:6:NRF24_disableCRC	16	static
MY_NRF24L01.c:619:6:NRF24_powerUp	8	static
MY_NRF24L01.c:624:6:NRF24_powerDown	8	static
MY_NRF24L01.c:629:6:NRF24_availablePipe	24	static
MY_NRF24L01.c:653:6:NRF24_startWrite	16	static
MY_NRF24L01.c:670:6:NRF24_writeAckPayload	24	static
MY_NRF24L01.c:681:6:NRF24_isAckPayloadAvailable	16	static
MY_NRF24L01.c:688:6:NRF24_whatHappened	32	static
MY_NRF24L01.c:699:6:NRF24_testCarrier	8	static
MY_NRF24L01.c:704:6:NRF24_testRPD	8	static
MY_NRF24L01.c:710:6:NRF24_resetStatus	8	static
MY_NRF24L01.c:716:6:NRF24_ACTIVATE_cmd	16	static
MY_NRF24L01.c:727:9:NRF24_GetAckPayloadSize	4	static
MY_NRF24L01.c:732:6:printRadioSettings	152	static
MY_NRF24L01.c:859:6:printStatusReg	136	static
MY_NRF24L01.c:875:6:printConfigReg	112	static
MY_NRF24L01.c:893:6:nrf24_DebugUART_Init	12	static
MY_NRF24L01.c:898:6:printFIFOstatus	128	static
